aaa_base
aaa_elflibs
aaa_glibc-solibs
aaa_libraries
aaa_terminfo
acl
attr
bash
bin
binutils
# Add 'bind' at the end because it does a chroot:
#bind
bsd-games
bzip2
ca-certificates
coreutils
cpio
cracklib
cryptsetup
cxxlibs
cyrus-sasl
dcron
dev86
devs
dhcpcd
dialog
diffutils
dmidecode
dnsmasq
e2fsprogs
ed
elilo
elvis
etc
eudev
exfatprogs
file
findutils
floppy
fuse3
gawk
gc
##glibc
glibc-solibs
glibc-zoneinfo
gnupg
gnupg2
gnutls
gpgme
gpm
gptfdisk
grep
gzip
haveged
hostname
idnkit
infozip
inotify-tools
iproute2
iptables
iputils
jemalloc
kbd
kernel-generic
kernel-firmware
kernel-headers
kernel-modules
kmod
krb5
less
libassuan
libedit
libevent
libgcrypt
libgpg-error
libgudev
libidn2
libksba
libmnl
##libmpc
libpwquality
libtermcap
libunistring
libuv
lilo
logrotate
lvm2
lz4
lzip
lzlib
mc
mdadm
mkinitrd
mlocate
mozjs52
mozjs60
mozjs68
mozjs78
##mpfr
mtr
nano
ncurses
net-tools
netkit-ftp
netkit-routed
network-scripts
npth
openldap
openldap-client
openssh
openssl
openssl10-solibs
pam
parted
pciutils
perl
pinentry
pkgtools
plzip
polkit
procps-ng
pth
python
#python2
#python2-module-collection
python3
quota
rsync
screen
sed
shadow
sharutils
slackpkg
slocate
squashfs-tools
sshfs
strace
sudo
sysklogd
syslinux
sysvinit
sysvinit-scripts
tar
terminus-font
traceroute
usbutils
utempter
util-linux
wget
which
whois
zstd
xxHash
xz
# Bind needs to run at the end:
python-ply
bind
