ModemManager
NetworkManager
NetworkManager-openvpn
a52dec
alsa-lib
alsa-oss
alsa-plugins
alsa-utils
audiofile
bc
##bison
brotli
c-ares
cgmanager
db48
dbus
dbus-glib
ddrescue
efivar
elfutils
elogind
exiv2
fftw
flac
##flex
gamin
##gcc
##gccmakedep
gdk-pixbuf2
gdk-pixbuf2-xlib
giflib
glib-networking
glib
glib2
glibc-i18n
##guile
htop
icu4c
ilmbase
##intltool
inxi
ipw2100-fw
ipw2200-fw
isl
iw
js185
lcms2
libX11
libXau
libXdmcp
libaio
libao
libarchive
libasyncns
libatasmart
libblockdev
libbytesize
libcddb
libcdio
libcdio-paranoia
libcgroup
libdvdnav
libdvdread
libexif
libffi
libgphoto2
libical
libieee1284
libimobiledevice
libimobiledevice-glue
libjpeg-turbo
libmad
libmbim
libmtp
libndp
libnetfilter_conntrack
libnfnetlink
libnftnl
libnih
libnl
libnl3
libnotify
libogg
libpcap
libpciaccess
libplist
libpng
libproxy
libpsl
libpthread-stubs
libqmi
libsamplerate
libsndfile
libssh
libssh2
libsoup
libsoup3
libtasn1
libtheora
libtiff
libtirpc
libusbmuxd
libvorbis
libvpx
libx86
libxcb
libxml2
libxslt
llvm
lm_sensors
lmdb
lynx
lzo
##make
mozilla-nss
mpg123
mtdev
ndctl
nettle
newt
nfs-utils
nghttp2
nmap
nvme-cli
openexr
openjpeg
orc
os-prober
p11-kit
pm-utils
pulseaudio
radeontool
rpcbind
samba
sg3_utils
smartmontools
speexdsp
sqlite
svgalib
tcl
udisks
udisks2
upower
usb_modeswitch
util-macros
v4l-utils
vbetool
volume_key
vorbis-tools
wavpack
wireless-tools
wireless_tools
wpa_supplicant
zd1211-firmware
zlib
