#
# Libraries and programs to support a basic Plasma5 installation:
#
#LibRaw
PyQt5
QScintilla
QtAV
accountsservice
cdparanoia
cfitsio
cldr-emoji-annotation
cryfs
cryptopp
daemon
#djvulibre
dotconf
dvdauthor
ebook-tools
editorconfig-core-c
#exiv2
fcitx
fcitx-anthy
fcitx-configtool
fcitx-hangul
fcitx-kkc
fcitx-libpinyin
fcitx-m17n
fcitx-qt5
fcitx-sayura
fcitx-table-extra
fcitx-table-other
fcitx-unikey
fluxbox
# x_base:
#font-bh-ttf
font-bitstream-type1
font-xfree86-type1
freerdp
frei0r-plugins
fuse
# x_base:
#ghostscript
#ghostscript-fonts-std
gmp
#gpgme
grantlee
groff
gtkmm2
# xapbase:
#gucharmap
hack-fonts-ttf
hyphen
ibus
ibus-anthy
ibus-hangul
ibus-kkc
ibus-libpinyin
ibus-m17n
ibus-table
ibus-unikey
id3lib
#json-glib
kdsoap
libXcm
libappindicator
libburn
libdbusmenu-qt
libdmtx
# x_base:
#liberation-fonts-ttf
libid3tag
libindicator
libkkc
libkkc-data
# xapbase:
#libnice
liboggz
libpinyin
libqalculate
libraw1394
libsass
libseccomp
libspectre
liburing
libva-utils
libvncserver
libyaml
#lilo
#lmdb
man
man-db
man-pages
mariadb
mlt
noto-fonts-ttf
opencv
opus-tools
opusfile
phonon
phonon-backend-gstreamer
phonon-vlc
pipewire
polkit-qt-1
#poppler
python2
python2-module-collection
python-six
pyxdg
python-Jinja2
python-PyYAML
python-doxypypy
python-doxyqml
qca
qrencode
qt5
qt5-webkit
qtkeychain
rttr
ruby
rxvt
# xapbase:
#rxvt-unicode
#sane
# x_base:
#sazanami-fonts-ttf
sip
skkdic
sox
ssr
taglib
taglib-extras
# x_base:
#vim
#vim-gvim
vulkan-sdk
woff2
xcb-util-cursor
xcb-util-errors
xcb-util-image
xcb-util-renderutil
xcb-util-wm
xcm
xconsole
xdg-desktop-portal
xdg-user-dirs
xedit
xine-lib
xpdf
