#
# This file tries to define a lean 'base' setup of Plasma5
#
# frameworks:
attica
baloo
bluez-qt
breeze-icons
extra-cmake-modules
frameworkintegration
kactivities
kactivities-stats
kapidox
karchive
kauth
kbookmarks
kcalendarcore
kcmutils
kcodecs
kcompletion
kconfig
kconfigwidgets
kcontacts
kcoreaddons
kcrash
kdbusaddons
kdeclarative
kded
kdelibs4support
kdesignerplugin
kdesu
kdewebkit
kdnssd
kdoctools
kemoticons
kfilemetadata
kglobalaccel
kguiaddons
kholidays
khtml
ki18n
kiconthemes
kidletime
kimageformats
kinit
kio
kirigami2
kitemmodels
kitemviews
kjobwidgets
kjs
kjsembed
kmediaplayer
knewstuff
knotifications
knotifyconfig
kpackage
kparts
kpeople
kplotting
kpty
kquickcharts
kross
krunner
kservice
ktexteditor
ktextwidgets
kunitconversion
kwallet
kwidgetsaddons
kwindowsystem
kxmlgui
kxmlrpcclient
modemmanager-qt
networkmanager-qt
oxygen-icons5
oxygen-sounds
plasma-framework
prison
purpose
qqc2-desktop-style
solid
sonnet
syndication
syntax-highlighting
threadweaver

# kdepim:
#akonadi
#akonadi-calendar
#akonadi-calendar-tools
#akonadi-contacts
#akonadi-import-wizard
#akonadi-mime
#akonadi-notes
#akonadi-search
#akonadiconsole
#akregator
#blogilo
#calendarsupport
#eventviews
#grantlee-editor
#grantleetheme
#incidenceeditor
#kaddressbook
#kalarm
#kalarmcal
#kcalutils
#kdav
#kdepim-addons
#kdepim-apps-libs
#kdepim-runtime
#kidentitymanagement
#kimap
#kitinerary
#kldap
#kleopatra
#kmail
#kmail-account-wizard
#kmailtransport
#kmbox
#kmime
#knotes
#kontact
#kontactinterface
#korganizer
#kpimtextedit
#kpkpass
#ksmtp
#ktnef
#libgravatar
#libkdepim
#libkgapi
#libkleo
#libksieve
#mailcommon
#mailimporter
#mbox-importer
#messagelib
#pim-data-exporter
#pim-sieve-editor
#pim-storage-service-manager
#pimcommon

# plasma:
bluedevil
breeze
breeze-gtk
breeze-grub
drkonqi
kactivitymanagerd
kde-cli-tools
kde-gtk-config
kdecoration
kdeplasma-addons
kgamma5
khelpcenter
khotkeys
kinfocenter
kmenuedit
kscreen
kscreenlocker
ksshaskpass
ksysguard
ksystemstats
kwallet-pam
kwayland
kwayland-integration
kwayland-server
kwin
kwrited
layer-shell-qt
libkscreen
libksysguard
milou
oxygen
plasma-browser-integration
plasma-desktop
plasma-integration
#plasma-mediacenter
plasma-nm
plasma-pa
plasma-sdk
plasma-vault
#plasma-workspace-wallpapers
polkit-kde-agent-1
powerdevil
sddm-kcm
systemsettings
xdg-desktop-portal-kde

# plasma-extra:
pulseaudio-qt
#kpeoplevcard
latte-dock
#oxygen-fonts
plasma-wayland-protocols
sddm
wacomtablet

# applications:
#analitza
ark
#artikulate
audiocd-kio
baloo-widgets
#blinken
#bomber
#bovo
#cantor
#cervisia
dolphin
dolphin-plugins
#dragon
#elisa
ffmpegthumbs
#filelight
#granatier
gwenview
#itinerary
#juk
k3b
#kaccessible
#kajongg
#kalgebra
#kalzium
kamera
#kamoso
#kanagram
#kapman
#kapptemplate
kate
#katomic
#kbackup
#kblackbox
#kblocks
#kbounce
#kbreakout
#kbruch
#kcachegrind
kcalc
kcharselect
kcolorchooser
kcron
#kde-dev-scripts
#kde-dev-utils
#kde-runtime
#kdebugsettings
kdeconnect-kde
#kdeedu-data
kdegraphics-mobipocket
kdegraphics-thumbnailers
kdenetwork-filesharing
#kdenlive
#kdesdk-kioslaves
#kdesdk-strigi-analyzers
#kdesdk-thumbnailers
kdf
kdialog
#kdiamond
keditbookmarks
#kfilereplace
kfind
#kfloppy
#kfourinline
#kgeography
#kget
#kgoldrunner
kgpg
#khangman
#kig
#kigo
#killbots
kimagemapeditor
kio-extras
kirigami-gallery
#kiriki
#kiten
#kjumpingcube
#klickety
#klines
#klinkstatus
kmag
#kmahjongg
#kmines
kmix
kmousetool
#kmouth
#kmplot
#knavalbattle
#knetwalk
#knights
#kolf
#kollision
#kolourpaint
#kommander
kompare
#konqueror
#konquest
konsole
#kontrast
konversation
#kopete
#kosmindoormap
#kpat
#kpublictransport
#kqtquickcharts
krdc
#kremotecontrol
#kreversi
krfb
#kruler
#kshisen
#ksirk
#ksnakeduel
#kspaceduel
#ksquares
#ksudoku
ksystemlog
#kteatime
#ktimer
#ktouch
#kturtle
#kubrick
kwalletmanager
#kwave
#kwordquiz
libkcddb
libkcompactdisc
libkdcraw
#libkdeedu
#libkdegames
#libkeduvocdocument
libkexiv2
#libkface
#libkgeomap
libkipi
#libkmahjongg
libkomparediff2
libksane
#lokalize
#lskat
#marble
#markdownpart
#minuet
okteta
okular
#palapeli
#parley
#picmi
#poxml
print-manager
#rocs
spectacle
#step
#svgpart
#sweeper
#umbrello
#zanshin
zeroconf-ioslave

# applications-extra:
#alkimia
#calligra
#calligraplan
#digikam
falkon
#krita
#kdev-php
#kdev-python
#kdevelop
#kdevelop-pg-qt
#kdevplatform
#kdiagram
#kid3
#kile
#kjots
#kmymoney
#kpmcore
#krename
#krusader
#kstars
#ktimetracker
#ktorrent
#kuser
libktorrent
#partitionmanager
skanlite

# Issues with 3 files in the squashfs module missing the last character:
plasma-workspace
