# A collection of packages for the digital musician.
OpenBLAS
a2jmidid
alsa-plugins-jack
amsynth
ardour
aubio
audacity
avldrums.lv2
cadence
calf
capnproto
carla
cecilia5
chromaprint
cuetools
daw_base
dblatex
dgedit
drumgizmo
drumstick
dssi
eq10q
faad2
faust
frescobaldi
geonkick
giada
glfw
guile1.8
guitarix
gxplugins.lv2
helm
hidapi
hydrogen
jack_capture
jack2
jamulus
jq
ladspa_sdk
libconfig
libcyaml
libfishsound
libgig
liblo
liblrdf
liblscp
libltc
libmicrohttpd
libmodplug
libmp4v2
libmpdclient
libsmf
libwebsockets
lilv
lilypond
linuxsampler
lsp-plugins
lv2
mac
meterbridge
mixxx
mpc
muse
musescore
mxml
noise-repellent
non-daw
ntk
pipewire-jack
portaudio
portmidi
protobuf
pulseaudio-jack
python-ly
python-numpy
python-pathlib2
python-poppler-qt5
python-pygame
python-pyliblo
python-pyo
qjackctl
qmidiarp
qpageview
qsampler
qsynth
qtractor
rapidjson
raptor2
redkite
rosegarden
rtaudio
rtmidi
rubberband
sc3-plugins
serd
shntool
sonic-pi
sonic-visualiser
sord
soundfont-unison
soundtouch
sratom
suil
supercollider
vamp-aubio-plugins
vamp-plugin-sdk
vcvrack
vcvrack-audible-instruments
vcvrack-befaco
vcvrack-bogaudio
vcvrack-countmodula
vcvrack-impromptu-modular
vcvrack-mental
vcvrack-mindmeldmodular
vcvrack-modularfungi
vcvrack-packone
vcvrack-squinkyvcv
vcvrack-studiosixplusone
vcvrack-valley
vmpk
wxGTK3
wxpython
x42-plugins
yaml-cpp
zita-ajbridge
zita-alsa-pcmi
zita-convolver
zita-resampler
zrythm
#zynaddsubfx
zyn-fusion

