++========================================
||
||   Package:  ./mcpp/pkg64/current/mcpp-2.7.2-x86_64-1alien.txz
||
++========================================
drwxr-xr-x root/root         0 2020-12-01 00:00 ./
drwxr-xr-x root/root         0 2020-12-01 00:00 install/
-rw-r--r-- root/root       186 2020-12-01 00:00 install/doinst.sh
-rw-r--r-- root/root       798 2020-12-01 00:00 install/slack-desc
drwxr-xr-x root/root         0 2020-12-01 00:00 usr/
drwxr-xr-x root/root         0 2020-12-01 00:00 usr/bin/
-rwxr-xr-x root/root     14248 2020-12-01 00:00 usr/bin/mcpp
drwxr-xr-x root/root         0 2020-12-01 00:00 usr/doc/
drwxr-xr-x root/root         0 2020-12-01 00:00 usr/doc/mcpp-2.7.2/
-rw-r--r-- root/root      1460 2008-01-11 15:21 usr/doc/mcpp-2.7.2/LICENSE
-rw-r--r-- root/root      3888 2008-11-26 14:03 usr/doc/mcpp-2.7.2/NEWS
-rw-r--r-- root/root      2242 2007-03-12 15:29 usr/doc/mcpp-2.7.2/README
-rw-r--r-- root/root      7464 2020-12-01 00:00 usr/doc/mcpp-2.7.2/mcpp.SlackBuild
drwxr-xr-x root/root         0 2020-12-01 00:00 usr/include/
-rw-r--r-- root/root      1051 2020-12-01 00:00 usr/include/mcpp_lib.h
-rw-r--r-- root/root       364 2020-12-01 00:00 usr/include/mcpp_out.h
drwxr-xr-x root/root         0 2020-12-01 00:00 usr/lib64/
-rwxr-xr-x root/root    142400 2020-12-01 00:00 usr/lib64/libmcpp.so.0.3.0
drwxr-xr-x root/root         0 2020-12-01 00:00 usr/man/
drwxr-xr-x root/root         0 2020-12-01 00:00 usr/man/man1/
-rw-r--r-- root/root      1768 2020-12-01 00:00 usr/man/man1/mcpp.1.gz


